                                      1 ;--------------------------------------------------------
                                      2 ; File Created by SDCC : free open source ISO C Compiler
                                      3 ; Version 4.5.1 #15267 (MINGW64)
                                      4 ;--------------------------------------------------------
                                      5 	.module bgtiles
                                      6 	
                                      7 ;--------------------------------------------------------
                                      8 ; Public variables in this module
                                      9 ;--------------------------------------------------------
                                     10 	.globl _tile
                                     11 ;--------------------------------------------------------
                                     12 ; special function registers
                                     13 ;--------------------------------------------------------
                                     14 ;--------------------------------------------------------
                                     15 ; ram data
                                     16 ;--------------------------------------------------------
                                     17 	.area _DATA
                                     18 ;--------------------------------------------------------
                                     19 ; ram data
                                     20 ;--------------------------------------------------------
                                     21 	.area _INITIALIZED
    00000000                         22 _tile::
    00000000                         23 	.ds 160
                                     24 ;--------------------------------------------------------
                                     25 ; absolute external ram data
                                     26 ;--------------------------------------------------------
                                     27 	.area _DABS (ABS)
                                     28 ;--------------------------------------------------------
                                     29 ; global & static initialisations
                                     30 ;--------------------------------------------------------
                                     31 	.area _HOME
                                     32 	.area _GSINIT
                                     33 	.area _GSFINAL
                                     34 	.area _GSINIT
                                     35 ;--------------------------------------------------------
                                     36 ; Home
                                     37 ;--------------------------------------------------------
                                     38 	.area _HOME
                                     39 	.area _HOME
                                     40 ;--------------------------------------------------------
                                     41 ; code
                                     42 ;--------------------------------------------------------
                                     43 	.area _CODE
                                     44 	.area _CODE
                                     45 	.area _INITIALIZER
    00000000                         46 __xinit__tile:
    00000000 00                      47 	.db #0x00	; 0
    00000001 00                      48 	.db #0x00	; 0
    00000002 00                      49 	.db #0x00	; 0
    00000003 00                      50 	.db #0x00	; 0
    00000004 00                      51 	.db #0x00	; 0
    00000005 00                      52 	.db #0x00	; 0
    00000006 00                      53 	.db #0x00	; 0
    00000007 00                      54 	.db #0x00	; 0
    00000008 00                      55 	.db #0x00	; 0
    00000009 00                      56 	.db #0x00	; 0
    0000000A 00                      57 	.db #0x00	; 0
    0000000B 00                      58 	.db #0x00	; 0
    0000000C 00                      59 	.db #0x00	; 0
    0000000D 00                      60 	.db #0x00	; 0
    0000000E 00                      61 	.db #0x00	; 0
    0000000F 00                      62 	.db #0x00	; 0
    00000010 33                      63 	.db #0x33	; 51	'3'
    00000011 0F                      64 	.db #0x0f	; 15
    00000012 66                      65 	.db #0x66	; 102	'f'
    00000013 1E                      66 	.db #0x1e	; 30
    00000014 CC                      67 	.db #0xcc	; 204
    00000015 3C                      68 	.db #0x3c	; 60
    00000016 99                      69 	.db #0x99	; 153
    00000017 78                      70 	.db #0x78	; 120	'x'
    00000018 33                      71 	.db #0x33	; 51	'3'
    00000019 F0                      72 	.db #0xf0	; 240
    0000001A 66                      73 	.db #0x66	; 102	'f'
    0000001B E1                      74 	.db #0xe1	; 225
    0000001C CC                      75 	.db #0xcc	; 204
    0000001D C3                      76 	.db #0xc3	; 195
    0000001E 99                      77 	.db #0x99	; 153
    0000001F 87                      78 	.db #0x87	; 135
    00000020 FF                      79 	.db #0xff	; 255
    00000021 FF                      80 	.db #0xff	; 255
    00000022 80                      81 	.db #0x80	; 128
    00000023 FF                      82 	.db #0xff	; 255
    00000024 BF                      83 	.db #0xbf	; 191
    00000025 C0                      84 	.db #0xc0	; 192
    00000026 A0                      85 	.db #0xa0	; 160
    00000027 C0                      86 	.db #0xc0	; 192
    00000028 FF                      87 	.db #0xff	; 255
    00000029 FF                      88 	.db #0xff	; 255
    0000002A 88                      89 	.db #0x88	; 136
    0000002B FF                      90 	.db #0xff	; 255
    0000002C BB                      91 	.db #0xbb	; 187
    0000002D CC                      92 	.db #0xcc	; 204
    0000002E AA                      93 	.db #0xaa	; 170
    0000002F CC                      94 	.db #0xcc	; 204
    00000030 FF                      95 	.db #0xff	; 255
    00000031 FF                      96 	.db #0xff	; 255
    00000032 01                      97 	.db #0x01	; 1
    00000033 FF                      98 	.db #0xff	; 255
    00000034 FD                      99 	.db #0xfd	; 253
    00000035 03                     100 	.db #0x03	; 3
    00000036 05                     101 	.db #0x05	; 5
    00000037 03                     102 	.db #0x03	; 3
    00000038 FF                     103 	.db #0xff	; 255
    00000039 FF                     104 	.db #0xff	; 255
    0000003A 11                     105 	.db #0x11	; 17
    0000003B FF                     106 	.db #0xff	; 255
    0000003C DD                     107 	.db #0xdd	; 221
    0000003D 33                     108 	.db #0x33	; 51	'3'
    0000003E 55                     109 	.db #0x55	; 85	'U'
    0000003F 33                     110 	.db #0x33	; 51	'3'
    00000040 FF                     111 	.db #0xff	; 255
    00000041 FF                     112 	.db #0xff	; 255
    00000042 80                     113 	.db #0x80	; 128
    00000043 80                     114 	.db #0x80	; 128
    00000044 80                     115 	.db #0x80	; 128
    00000045 FF                     116 	.db #0xff	; 255
    00000046 80                     117 	.db #0x80	; 128
    00000047 FF                     118 	.db #0xff	; 255
    00000048 80                     119 	.db #0x80	; 128
    00000049 FF                     120 	.db #0xff	; 255
    0000004A 80                     121 	.db #0x80	; 128
    0000004B FF                     122 	.db #0xff	; 255
    0000004C 80                     123 	.db #0x80	; 128
    0000004D FF                     124 	.db #0xff	; 255
    0000004E FF                     125 	.db #0xff	; 255
    0000004F FF                     126 	.db #0xff	; 255
    00000050 FF                     127 	.db #0xff	; 255
    00000051 FF                     128 	.db #0xff	; 255
    00000052 01                     129 	.db #0x01	; 1
    00000053 01                     130 	.db #0x01	; 1
    00000054 01                     131 	.db #0x01	; 1
    00000055 FD                     132 	.db #0xfd	; 253
    00000056 01                     133 	.db #0x01	; 1
    00000057 FD                     134 	.db #0xfd	; 253
    00000058 01                     135 	.db #0x01	; 1
    00000059 FD                     136 	.db #0xfd	; 253
    0000005A 01                     137 	.db #0x01	; 1
    0000005B FD                     138 	.db #0xfd	; 253
    0000005C 01                     139 	.db #0x01	; 1
    0000005D FD                     140 	.db #0xfd	; 253
    0000005E FF                     141 	.db #0xff	; 255
    0000005F FF                     142 	.db #0xff	; 255
    00000060 FF                     143 	.db #0xff	; 255
    00000061 FF                     144 	.db #0xff	; 255
    00000062 FF                     145 	.db #0xff	; 255
    00000063 FF                     146 	.db #0xff	; 255
    00000064 FF                     147 	.db #0xff	; 255
    00000065 EF                     148 	.db #0xef	; 239
    00000066 EF                     149 	.db #0xef	; 239
    00000067 D7                     150 	.db #0xd7	; 215
    00000068 C7                     151 	.db #0xc7	; 199
    00000069 BB                     152 	.db #0xbb	; 187
    0000006A EF                     153 	.db #0xef	; 239
    0000006B D7                     154 	.db #0xd7	; 215
    0000006C FF                     155 	.db #0xff	; 255
    0000006D EF                     156 	.db #0xef	; 239
    0000006E FF                     157 	.db #0xff	; 255
    0000006F FF                     158 	.db #0xff	; 255
    00000070 FF                     159 	.db #0xff	; 255
    00000071 FF                     160 	.db #0xff	; 255
    00000072 FF                     161 	.db #0xff	; 255
    00000073 FF                     162 	.db #0xff	; 255
    00000074 FF                     163 	.db #0xff	; 255
    00000075 FF                     164 	.db #0xff	; 255
    00000076 FF                     165 	.db #0xff	; 255
    00000077 EF                     166 	.db #0xef	; 239
    00000078 EF                     167 	.db #0xef	; 239
    00000079 D7                     168 	.db #0xd7	; 215
    0000007A FF                     169 	.db #0xff	; 255
    0000007B EF                     170 	.db #0xef	; 239
    0000007C FF                     171 	.db #0xff	; 255
    0000007D FF                     172 	.db #0xff	; 255
    0000007E FF                     173 	.db #0xff	; 255
    0000007F FF                     174 	.db #0xff	; 255
    00000080 FF                     175 	.db #0xff	; 255
    00000081 FF                     176 	.db #0xff	; 255
    00000082 FF                     177 	.db #0xff	; 255
    00000083 FF                     178 	.db #0xff	; 255
    00000084 FF                     179 	.db #0xff	; 255
    00000085 FF                     180 	.db #0xff	; 255
    00000086 FF                     181 	.db #0xff	; 255
    00000087 FF                     182 	.db #0xff	; 255
    00000088 FF                     183 	.db #0xff	; 255
    00000089 FF                     184 	.db #0xff	; 255
    0000008A FF                     185 	.db #0xff	; 255
    0000008B FF                     186 	.db #0xff	; 255
    0000008C FF                     187 	.db #0xff	; 255
    0000008D FF                     188 	.db #0xff	; 255
    0000008E FF                     189 	.db #0xff	; 255
    0000008F FF                     190 	.db #0xff	; 255
    00000090 00                     191 	.db #0x00	; 0
    00000091 00                     192 	.db #0x00	; 0
    00000092 00                     193 	.db #0x00	; 0
    00000093 00                     194 	.db #0x00	; 0
    00000094 3C                     195 	.db #0x3c	; 60
    00000095 3C                     196 	.db #0x3c	; 60
    00000096 7A                     197 	.db #0x7a	; 122	'z'
    00000097 66                     198 	.db #0x66	; 102	'f'
    00000098 72                     199 	.db #0x72	; 114	'r'
    00000099 4E                     200 	.db #0x4e	; 78	'N'
    0000009A 46                     201 	.db #0x46	; 70	'F'
    0000009B 7E                     202 	.db #0x7e	; 126
    0000009C 3C                     203 	.db #0x3c	; 60
    0000009D 3C                     204 	.db #0x3c	; 60
    0000009E 00                     205 	.db #0x00	; 0
    0000009F 00                     206 	.db #0x00	; 0
                                    207 	.area _CABS (ABS)
