                                      1 ;--------------------------------------------------------
                                      2 ; File Created by SDCC : free open source ISO C Compiler
                                      3 ; Version 4.5.1 #15267 (MINGW64)
                                      4 ;--------------------------------------------------------
                                      5 	.module heart
                                      6 	
                                      7 ;--------------------------------------------------------
                                      8 ; Public variables in this module
                                      9 ;--------------------------------------------------------
                                     10 	.globl _heart
                                     11 ;--------------------------------------------------------
                                     12 ; special function registers
                                     13 ;--------------------------------------------------------
                                     14 ;--------------------------------------------------------
                                     15 ; ram data
                                     16 ;--------------------------------------------------------
                                     17 	.area _DATA
                                     18 ;--------------------------------------------------------
                                     19 ; ram data
                                     20 ;--------------------------------------------------------
                                     21 	.area _INITIALIZED
    00000000                         22 _heart::
    00000000                         23 	.ds 32
                                     24 ;--------------------------------------------------------
                                     25 ; absolute external ram data
                                     26 ;--------------------------------------------------------
                                     27 	.area _DABS (ABS)
                                     28 ;--------------------------------------------------------
                                     29 ; global & static initialisations
                                     30 ;--------------------------------------------------------
                                     31 	.area _HOME
                                     32 	.area _GSINIT
                                     33 	.area _GSFINAL
                                     34 	.area _GSINIT
                                     35 ;--------------------------------------------------------
                                     36 ; Home
                                     37 ;--------------------------------------------------------
                                     38 	.area _HOME
                                     39 	.area _HOME
                                     40 ;--------------------------------------------------------
                                     41 ; code
                                     42 ;--------------------------------------------------------
                                     43 	.area _CODE
                                     44 	.area _CODE
                                     45 	.area _INITIALIZER
    00000000                         46 __xinit__heart:
    00000000 00                      47 	.db #0x00	; 0
    00000001 30                      48 	.db #0x30	; 48	'0'
    00000002 00                      49 	.db #0x00	; 0
    00000003 30                      50 	.db #0x30	; 48	'0'
    00000004 07                      51 	.db #0x07	; 7
    00000005 60                      52 	.db #0x60	; 96
    00000006 04                      53 	.db #0x04	; 4
    00000007 78                      54 	.db #0x78	; 120	'x'
    00000008 00                      55 	.db #0x00	; 0
    00000009 60                      56 	.db #0x60	; 96
    0000000A 00                      57 	.db #0x00	; 0
    0000000B 40                      58 	.db #0x40	; 64
    0000000C 00                      59 	.db #0x00	; 0
    0000000D 40                      60 	.db #0x40	; 64
    0000000E 00                      61 	.db #0x00	; 0
    0000000F 60                      62 	.db #0x60	; 96
    00000010 00                      63 	.db #0x00	; 0
    00000011 00                      64 	.db #0x00	; 0
    00000012 00                      65 	.db #0x00	; 0
    00000013 00                      66 	.db #0x00	; 0
    00000014 00                      67 	.db #0x00	; 0
    00000015 6C                      68 	.db #0x6c	; 108	'l'
    00000016 68                      69 	.db #0x68	; 104	'h'
    00000017 92                      70 	.db #0x92	; 146
    00000018 38                      71 	.db #0x38	; 56	'8'
    00000019 44                      72 	.db #0x44	; 68	'D'
    0000001A 10                      73 	.db #0x10	; 16
    0000001B 28                      74 	.db #0x28	; 40
    0000001C 00                      75 	.db #0x00	; 0
    0000001D 10                      76 	.db #0x10	; 16
    0000001E 00                      77 	.db #0x00	; 0
    0000001F 00                      78 	.db #0x00	; 0
                                     79 	.area _CABS (ABS)
